[2025-09-20 11:53:15] [INFO] [test_bridge.sh] Cleaning up test resources...
[2025-09-20 11:53:15] [TEST] [test_bridge.sh] === Testing Bridge Validation ===
[2025-09-20 11:53:15] [TEST] [test_bridge.sh] Testing: Valid bridge name 'br0'
[2025-09-20 11:53:15] [INFO] [test_bridge.sh] ✓ PASS: Valid bridge name 'br0'
[2025-09-20 11:53:15] [TEST] [test_bridge.sh] Testing: Valid bridge name with dash
[2025-09-20 11:53:15] [INFO] [test_bridge.sh] ✓ PASS: Valid bridge name with dash
[2025-09-20 11:53:15] [TEST] [test_bridge.sh] Testing: Valid bridge name with underscore
[2025-09-20 11:53:15] [INFO] [test_bridge.sh] ✓ PASS: Valid bridge name with underscore
[2025-09-20 11:53:15] [TEST] [test_bridge.sh] Testing: Valid bridge name with numbers
[2025-09-20 11:53:15] [INFO] [test_bridge.sh] ✓ PASS: Valid bridge name with numbers
[2025-09-20 11:53:15] [TEST] [test_bridge.sh] Testing: Empty bridge name should fail
[2025-09-20 11:53:15] [INFO] [test_bridge.sh] ✓ PASS: Empty bridge name should fail (expected failure)
[2025-09-20 11:53:15] [TEST] [test_bridge.sh] Testing: Too long bridge name should fail
[2025-09-20 11:53:15] [INFO] [test_bridge.sh] ✓ PASS: Too long bridge name should fail (expected failure)
[2025-09-20 11:53:15] [TEST] [test_bridge.sh] Testing: Bridge name with spaces should fail
[2025-09-20 11:53:15] [INFO] [test_bridge.sh] ✓ PASS: Bridge name with spaces should fail (expected failure)
[2025-09-20 11:53:15] [TEST] [test_bridge.sh] Testing: Bridge name with special chars should fail
[2025-09-20 11:53:15] [INFO] [test_bridge.sh] ✓ PASS: Bridge name with special chars should fail (expected failure)
[2025-09-20 11:53:15] [TEST] [test_bridge.sh] === Testing Bridge Lifecycle ===
[2025-09-20 11:53:15] [TEST] [test_bridge.sh] Testing: Test bridge should not exist initially
[2025-09-20 11:53:15] [INFO] [test_bridge.sh] ✓ PASS: Test bridge should not exist initially (expected failure)
[2025-09-20 11:53:15] [TEST] [test_bridge.sh] Testing: Create test bridge
[2025-09-20 11:53:15] [INFO] [test_bridge.sh] Bridge test-br0 created successfully
[2025-09-20 11:53:15] [INFO] [test_bridge.sh] Bridge test-br0 configured with IP: 192.168.100.1/24
[2025-09-20 11:53:15] [INFO] [test_bridge.sh] ✓ PASS: Create test bridge
[2025-09-20 11:53:15] [TEST] [test_bridge.sh] Testing: Test bridge should exist after creation
[2025-09-20 11:53:15] [INFO] [test_bridge.sh] ✓ PASS: Test bridge should exist after creation
[2025-09-20 11:53:15] [TEST] [test_bridge.sh] Testing: Creating existing bridge should not fail
[2025-09-20 11:53:15] [INFO] [test_bridge.sh] Bridge test-br0 already exists
[2025-09-20 11:53:15] [INFO] [test_bridge.sh] ✓ PASS: Creating existing bridge should not fail
[2025-09-20 11:53:15] [TEST] [test_bridge.sh] Testing: Delete test bridge
[2025-09-20 11:53:15] [DEBUG] [test_bridge.sh] Bridge test-br0 brought down
[2025-09-20 11:53:15] [INFO] [test_bridge.sh] Bridge test-br0 deleted successfully
[2025-09-20 11:53:15] [INFO] [test_bridge.sh] ✓ PASS: Delete test bridge
[2025-09-20 11:53:15] [TEST] [test_bridge.sh] Testing: Test bridge should not exist after deletion
[2025-09-20 11:53:15] [INFO] [test_bridge.sh] ✓ PASS: Test bridge should not exist after deletion (expected failure)
[2025-09-20 11:53:15] [TEST] [test_bridge.sh] Testing: Deleting non-existent bridge should fail
[2025-09-20 11:53:15] [WARN] [test_bridge.sh] Bridge test-br0 does not exist
[2025-09-20 11:53:15] [INFO] [test_bridge.sh] ✓ PASS: Deleting non-existent bridge should fail (expected failure)
[2025-09-20 11:53:15] [TEST] [test_bridge.sh] === Testing Bridge IP Configuration ===
[2025-09-20 11:53:15] [TEST] [test_bridge.sh] Testing: Create bridge with IP address
[2025-09-20 11:53:15] [INFO] [test_bridge.sh] Bridge test-br0 created successfully
[2025-09-20 11:53:16] [INFO] [test_bridge.sh] Bridge test-br0 configured with IP: 192.168.200.1/24
[2025-09-20 11:53:16] [INFO] [test_bridge.sh] ✓ PASS: Create bridge with IP address
[2025-09-20 11:53:16] [TEST] [test_bridge.sh] Testing: Bridge with IP should exist
[2025-09-20 11:53:16] [INFO] [test_bridge.sh] ✓ PASS: Bridge with IP should exist
[2025-09-20 11:53:16] [TEST] [test_bridge.sh] Testing: Bridge should have configured IP address
[2025-09-20 11:53:16] [INFO] [test_bridge.sh] ✓ PASS: Bridge should have configured IP address (expected: 'true', got: 'true')
[2025-09-20 11:53:16] [TEST] [test_bridge.sh] Testing: Clean up bridge with IP
[2025-09-20 11:53:16] [DEBUG] [test_bridge.sh] Bridge test-br0 brought down
[2025-09-20 11:53:16] [INFO] [test_bridge.sh] Bridge test-br0 deleted successfully
[2025-09-20 11:53:16] [INFO] [test_bridge.sh] ✓ PASS: Clean up bridge with IP
[2025-09-20 11:53:16] [TEST] [test_bridge.sh] === Testing Bridge State Operations ===
[2025-09-20 11:53:16] [TEST] [test_bridge.sh] Testing: Create bridge for state testing
[2025-09-20 11:53:16] [INFO] [test_bridge.sh] Bridge test-br0 created successfully
[2025-09-20 11:53:16] [INFO] [test_bridge.sh] Bridge test-br0 configured with IP: 192.168.100.1/24
[2025-09-20 11:53:16] [INFO] [test_bridge.sh] ✓ PASS: Create bridge for state testing
[2025-09-20 11:53:16] [INFO] [test_bridge.sh] Created network namespace: ns-test-01
[2025-09-20 11:53:16] [INFO] [test_bridge.sh] Veth pair ve-test-01 <-> host0 created successfully
[2025-09-20 11:53:16] [INFO] [test_bridge.sh] Created veth pair: ve-test-01 <-> host0
[2025-09-20 11:53:16] [INFO] [test_bridge.sh] Veth ve-test-01 attached to bridge test-br0
[2025-09-20 11:53:16] [DEBUG] [test_bridge.sh] Veth ve-test-01 brought up
[2025-09-20 11:53:16] [INFO] [test_bridge.sh] Attached ve-test-01 to bridge test-br0
[2025-09-20 11:53:16] [DEBUG] [test_bridge.sh] Bridge test-br0 brought up
[2025-09-20 11:53:16] [INFO] [test_bridge.sh] Veth host0 moved to namespace ns-test-01
[2025-09-20 11:53:16] [DEBUG] [test_bridge.sh] Veth host0 brought up in namespace ns-test-01
[2025-09-20 11:53:16] [INFO] [test_bridge.sh] Moved host0 to namespace ns-test-01
[2025-09-20 11:53:16] [TEST] [test_bridge.sh] Testing: Bring bridge up
[2025-09-20 11:53:16] [DEBUG] [test_bridge.sh] Bridge test-br0 brought up
[2025-09-20 11:53:16] [INFO] [test_bridge.sh] ✓ PASS: Bring bridge up
[2025-09-20 11:53:17] [TEST] [test_bridge.sh] Testing: Bridge status should be UP
[2025-09-20 11:53:17] [INFO] [test_bridge.sh] ✓ PASS: Bridge status should be UP (expected: 'UP', got: 'UP')
[2025-09-20 11:53:17] [TEST] [test_bridge.sh] Testing: Bring bridge down
[2025-09-20 11:53:17] [DEBUG] [test_bridge.sh] Bridge test-br0 brought down
[2025-09-20 11:53:17] [INFO] [test_bridge.sh] ✓ PASS: Bring bridge down
[2025-09-20 11:53:17] [TEST] [test_bridge.sh] Testing: Bridge status should be DOWN
[2025-09-20 11:53:17] [INFO] [test_bridge.sh] ✓ PASS: Bridge status should be DOWN (expected: 'DOWN', got: 'DOWN')
[2025-09-20 11:53:17] [TEST] [test_bridge.sh] Testing: Cleanup container resources
[2025-09-20 11:53:17] [INFO] [test_bridge.sh] Cleaning up network resources for container: test-01
[2025-09-20 11:53:17] [INFO] [test_bridge.sh] Veth interface ve-test-01 (peer: unknown) deleted successfully
[2025-09-20 11:53:17] [INFO] [test_bridge.sh] Detached and removed test-01 from bridge test-br0
[2025-09-20 11:53:17] [INFO] [test_bridge.sh] Removed network namespace: ns-test-01
[2025-09-20 11:53:17] [INFO] [test_bridge.sh] ✓ PASS: Cleanup container resources
[2025-09-20 11:53:17] [TEST] [test_bridge.sh] Testing: Clean up bridge after state testing
[2025-09-20 11:53:17] [DEBUG] [test_bridge.sh] Bridge test-br0 brought down
[2025-09-20 11:53:17] [INFO] [test_bridge.sh] Bridge test-br0 deleted successfully
[2025-09-20 11:53:17] [INFO] [test_bridge.sh] ✓ PASS: Clean up bridge after state testing
[2025-09-20 11:53:17] [TEST] [test_bridge.sh] === Testing Bridge Attach/Detach Operations ===
[2025-09-20 11:53:17] [TEST] [test_bridge.sh] Testing: Create bridge for attach testing
[2025-09-20 11:53:17] [INFO] [test_bridge.sh] Bridge test-br0 created successfully
[2025-09-20 11:53:17] [INFO] [test_bridge.sh] Bridge test-br0 configured with IP: 192.168.100.1/24
[2025-09-20 11:53:17] [INFO] [test_bridge.sh] ✓ PASS: Create bridge for attach testing
[2025-09-20 11:53:17] [TEST] [test_bridge.sh] Testing: Attach container to bridge
[2025-09-20 11:53:17] [INFO] [test_bridge.sh] Created network namespace: ns-test-01
[2025-09-20 11:53:17] [INFO] [test_bridge.sh] Veth pair ve-test-01 <-> host0 created successfully
[2025-09-20 11:53:17] [INFO] [test_bridge.sh] Created veth pair: ve-test-01 <-> host0
[2025-09-20 11:53:17] [INFO] [test_bridge.sh] Veth ve-test-01 attached to bridge test-br0
[2025-09-20 11:53:17] [DEBUG] [test_bridge.sh] Veth ve-test-01 brought up
[2025-09-20 11:53:17] [INFO] [test_bridge.sh] Attached ve-test-01 to bridge test-br0
[2025-09-20 11:53:17] [DEBUG] [test_bridge.sh] Bridge test-br0 brought up
[2025-09-20 11:53:17] [INFO] [test_bridge.sh] Veth host0 moved to namespace ns-test-01
[2025-09-20 11:53:17] [DEBUG] [test_bridge.sh] Veth host0 brought up in namespace ns-test-01
[2025-09-20 11:53:17] [INFO] [test_bridge.sh] Moved host0 to namespace ns-test-01
[2025-09-20 11:53:17] [INFO] [test_bridge.sh] ✓ PASS: Attach container to bridge
[2025-09-20 11:53:17] [TEST] [test_bridge.sh] Testing: Network namespace should be created
[2025-09-20 11:53:17] [INFO] [test_bridge.sh] ✓ PASS: Network namespace should be created
[2025-09-20 11:53:17] [TEST] [test_bridge.sh] Testing: Detach container from bridge
[2025-09-20 11:53:17] [INFO] [test_bridge.sh] Veth interface ve-test-01 (peer: unknown) deleted successfully
[2025-09-20 11:53:17] [INFO] [test_bridge.sh] Detached and removed test-01 from bridge test-br0
[2025-09-20 11:53:17] [INFO] [test_bridge.sh] ✓ PASS: Detach container from bridge
[2025-09-20 11:53:17] [TEST] [test_bridge.sh] Testing: Cleanup container resources
[2025-09-20 11:53:17] [INFO] [test_bridge.sh] Cleaning up network resources for container: test-01
[2025-09-20 11:53:17] [WARN] [test_bridge.sh] Veth ve-test-01 does not exist, nothing to detach
[2025-09-20 11:53:17] [INFO] [test_bridge.sh] Removed network namespace: ns-test-01
[2025-09-20 11:53:17] [INFO] [test_bridge.sh] ✓ PASS: Cleanup container resources
[2025-09-20 11:53:17] [TEST] [test_bridge.sh] Testing: Clean up test bridge
[2025-09-20 11:53:17] [DEBUG] [test_bridge.sh] Bridge test-br0 brought down
[2025-09-20 11:53:17] [INFO] [test_bridge.sh] Bridge test-br0 deleted successfully
[2025-09-20 11:53:17] [INFO] [test_bridge.sh] ✓ PASS: Clean up test bridge
[2025-09-20 11:53:17] [TEST] [test_bridge.sh] === Testing Error Handling ===
[2025-09-20 11:53:17] [TEST] [test_bridge.sh] Testing: Delete non-existent bridge should fail
[2025-09-20 11:53:17] [WARN] [test_bridge.sh] Bridge non-existent-bridge does not exist
[2025-09-20 11:53:17] [INFO] [test_bridge.sh] ✓ PASS: Delete non-existent bridge should fail (expected failure)
[2025-09-20 11:53:17] [TEST] [test_bridge.sh] Testing: Show non-existent bridge should fail
[2025-09-20 11:53:17] [ERROR] [test_bridge.sh] Bridge non-existent-bridge does not exist
[2025-09-20 11:53:17] [INFO] [test_bridge.sh] ✓ PASS: Show non-existent bridge should fail (expected failure)
[2025-09-20 11:53:17] [TEST] [test_bridge.sh] Testing: Detach from non-existent bridge should fail
[2025-09-20 11:53:17] [WARN] [test_bridge.sh] Bridge non-existent-bridge does not exist
[2025-09-20 11:53:17] [INFO] [test_bridge.sh] ✓ PASS: Detach from non-existent bridge should fail (expected failure)
[2025-09-20 11:53:17] [TEST] [test_bridge.sh] Testing: Validate empty bridge name should fail
[2025-09-20 11:53:17] [INFO] [test_bridge.sh] ✓ PASS: Validate empty bridge name should fail (expected failure)
[2025-09-20 11:53:17] [TEST] [test_bridge.sh] === Testing Bridge Information Functions ===
[2025-09-20 11:53:17] [TEST] [test_bridge.sh] Testing: Create bridge for info testing
[2025-09-20 11:53:17] [INFO] [test_bridge.sh] Bridge test-br0 created successfully
[2025-09-20 11:53:17] [INFO] [test_bridge.sh] Bridge test-br0 configured with IP: 192.168.200.1/24
[2025-09-20 11:53:17] [INFO] [test_bridge.sh] ✓ PASS: Create bridge for info testing
[2025-09-20 11:53:18] [TEST] [test_bridge.sh] Testing: Bridge list should work
[2025-09-20 11:53:18] [INFO] [test_bridge.sh] Listing all bridge interfaces:
[2025-09-20 11:53:18] [INFO] [test_bridge.sh] ✓ PASS: Bridge list should work
[2025-09-20 11:53:18] [TEST] [test_bridge.sh] Testing: Bridge show should work
[2025-09-20 11:53:18] [INFO] [test_bridge.sh] Bridge details for test-br0:
[2025-09-20 11:53:18] [INFO] [test_bridge.sh] Bridge addresses:
[2025-09-20 11:53:18] [INFO] [test_bridge.sh] Bridge forwarding database:
[2025-09-20 11:53:18] [INFO] [test_bridge.sh] ✓ PASS: Bridge show should work
[2025-09-20 11:53:18] [TEST] [test_bridge.sh] Testing: Clean up bridge after info testing
[2025-09-20 11:53:18] [DEBUG] [test_bridge.sh] Bridge test-br0 brought down
[2025-09-20 11:53:18] [INFO] [test_bridge.sh] Bridge test-br0 deleted successfully
[2025-09-20 11:53:18] [INFO] [test_bridge.sh] ✓ PASS: Clean up bridge after info testing
[2025-09-20 11:53:18] [TEST] [test_bridge.sh] === Testing Default Values ===
[2025-09-20 11:53:18] [TEST] [test_bridge.sh] Testing: Create bridge with default name
[2025-09-20 11:53:18] [INFO] [test_bridge.sh] Bridge nspawn0 already exists
[2025-09-20 11:53:18] [INFO] [test_bridge.sh] Bridge nspawn0 configured with IP: 192.168.100.1/24
[2025-09-20 11:53:18] [INFO] [test_bridge.sh] ✓ PASS: Create bridge with default name
[2025-09-20 11:53:18] [TEST] [test_bridge.sh] Testing: Check existence with default name
[2025-09-20 11:53:18] [INFO] [test_bridge.sh] Cleaning up test resources...
[2025-09-22 01:22:11] [INFO] [container_image.sh] Loading default.conf
[2025-09-22 01:22:11] [INFO] [container_image.sh] Creating rootfs for stable...
[2025-09-22 01:22:43] [INFO] [container_image.sh] Creating tarball...
[2025-09-22 01:22:51] [INFO] [container_image.sh] Base rootfs created successfully: /srv/nspawn_images/-base-rootfs.tar.gz
[2025-09-22 01:33:38] [WARN] [container_image.sh] Base rootfs tar not found: /srv/nspawn_images/stable-base-rootfs.tar.gz
[2025-09-22 01:33:38] [INFO] [container_image.sh] Creating base rootfs...
[2025-09-22 01:33:38] [INFO] [container_image.sh] Loading default.conf
[2025-09-22 01:33:38] [INFO] [container_image.sh] Creating rootfs for stable...
[2025-09-22 01:34:09] [INFO] [container_image.sh] Creating tarball...
[2025-09-22 01:34:17] [INFO] [container_image.sh] Base rootfs created successfully: /srv/nspawn_images/-base-rootfs.tar.gz
[2025-09-22 01:34:17] [INFO] [container_image.sh] Creating container c1 from /srv/nspawn_images/stable-base-rootfs.tar.gz
[2025-09-22 01:34:17] [ERROR] [container_image.sh] Failed to extract base rootfs
[2025-09-22 01:40:52] [INFO] [container_image.sh] Loading default.conf
[2025-09-22 01:40:52] [INFO] [container_image.sh] Creating rootfs for stable...
[2025-09-22 01:40:52] [INFO] [container_image.sh] Creating tarball...
[2025-09-22 01:40:52] [INFO] [container_image.sh] Base rootfs created successfully: /srv/nspawn_images/-base-rootfs.tar.gz
[2025-09-22 01:47:26] [INFO] [container_image.sh] Loading default.conf
[2025-09-22 01:49:12] [INFO] [container_image.sh] Loading default.conf
[2025-09-22 01:49:25] [INFO] [container_image.sh] Loading default.conf
[2025-09-22 01:49:26] [INFO] [container_image.sh] Creating rootfs for stable...
[2025-09-22 01:49:57] [INFO] [container_image.sh] Creating tarball...
[2025-09-22 01:50:05] [INFO] [container_image.sh] Base rootfs created successfully: /srv/nspawn_images/stable-base-rootfs.tar.gz
[2025-09-22 01:52:37] [INFO] [container_image.sh] Creating container c1 from /srv/nspawn_images/stable-base-rootfs.tar.gz
[2025-09-22 01:52:39] [INFO] [container_image.sh] Configuring initial settings...
[2025-09-22 01:52:39] [ERROR] [container_image.sh] Failed to set root password
[2025-09-22 02:02:59] [INFO] [container_image.sh] Loading default.conf
[2025-09-22 02:02:59] [WARN] [container_image.sh] Failed to load custom config: create
[2025-09-22 02:02:59] [INFO] [container_image.sh] Creating container c1 from /srv/nspawn_images/stable-base-rootfs.tar.gz
[2025-09-22 02:03:01] [INFO] [container_image.sh] Configuring initial settings...
[2025-09-22 02:03:01] [ERROR] [container_image.sh] Failed to set root password
[2025-09-22 02:09:13] [INFO] [container_image.sh] Loading default.conf
[2025-09-22 02:09:13] [WARN] [container_image.sh] Failed to load custom config: create
[2025-09-22 02:09:13] [INFO] [container_image.sh] Creating container c1 from /srv/nspawn_images/stable-base-rootfs.tar.gz
[2025-09-22 02:09:15] [INFO] [container_image.sh] Configuring initial settings...
[2025-09-22 02:09:15] [ERROR] [container_image.sh] Failed to set root password
[2025-09-22 02:12:50] [INFO] [container_image.sh] Loading default.conf
[2025-09-22 02:12:50] [WARN] [container_image.sh] Failed to load custom config: create
[2025-09-22 02:12:50] [INFO] [container_image.sh] Creating container c1 from /srv/nspawn_images/stable-base-rootfs.tar.gz
[2025-09-22 02:12:51] [INFO] [container_image.sh] Configuring initial settings...
[2025-09-22 02:12:51] [ERROR] [container_image.sh] Failed to set root password
[2025-09-22 02:16:32] [INFO] [container_image.sh] Loading default.conf
[2025-09-22 02:16:32] [WARN] [container_image.sh] Failed to load custom config: create
[2025-09-22 02:16:32] [INFO] [container_image.sh] Creating container c2 from /srv/nspawn_images/stable-base-rootfs.tar.gz
[2025-09-22 02:16:33] [INFO] [container_image.sh] Configuring initial settings...
[2025-09-22 02:16:33] [ERROR] [container_image.sh] Failed to set root password
[2025-09-22 02:20:03] [INFO] [container_image.sh] Loading default.conf
[2025-09-22 02:20:03] [WARN] [container_image.sh] Failed to load custom config: create
[2025-09-22 02:28:36] [INFO] [container_image.sh] Creating container c2 from /srv/nspawn_images/stable-base-rootfs.tar.gz
[2025-09-22 02:28:38] [INFO] [container_image.sh] Configuring initial settings...
[2025-09-22 02:28:38] [ERROR] [container_image.sh] Failed to set root password
[2025-09-22 02:31:24] [INFO] [container_image.sh] Creating container c2 from /srv/nspawn_images/stable-base-rootfs.tar.gz
[2025-09-22 02:31:26] [INFO] [container_image.sh] Configuring initial settings...
[2025-09-22 02:31:26] [ERROR] [container_image.sh] Failed to set root password
[2025-09-22 02:35:37] [INFO] [container_image.sh] Creating container c2 from /srv/nspawn_images/stable-base-rootfs.tar.gz
[2025-09-22 02:35:38] [INFO] [container_image.sh] Configuring initial settings...
[2025-09-22 02:35:38] [INFO] [container_image.sh] Container c2 created successfully at /var/lib/machines/c2
